{"version":9,"type":"context-options","origin":"library","browserName":"","playwrightVersion":"1.63.0","options":{},"platform":"win32","wallTime":1791518043756,"monotonicTime":189268.643,"sdkLanguage":"javascript","title":"recovery.spec.ts:19 › M04 v1 restored session can write and complete while v2 is disabled"}
{"type":"before","callId":"call@42","startTime":246331.979,"class":"APIRequestContext","method":"fetch","params":{"url":"http://127.0.0.1:41041/v1/guided-learning/attempts/ed794df1-2867-4523-8df3-695ea14c8405","method":"GET","timeout":30000},"stepId":"pw:api@55"}
{"type":"log","callId":"call@42","time":246362.149,"message":"→ GET http://127.0.0.1:41041/v1/guided-learning/attempts/ed794df1-2867-4523-8df3-695ea14c8405"}
{"type":"log","callId":"call@42","time":246362.193,"message":"  user-agent: Mozilla/5.0 (Windows NT 10.0; Win64; x64) AppleWebKit/537.36 (KHTML, like Gecko) Chrome/153.0.8010.12 Safari/537.36"}
{"type":"log","callId":"call@42","time":246362.205,"message":"  accept: */*"}
{"type":"log","callId":"call@42","time":246362.212,"message":"  accept-encoding: gzip,deflate,br"}
{"type":"log","callId":"call@42","time":246362.22,"message":"  cookie: t041=student-8"}
{"type":"log","callId":"call@42","time":246486.17,"message":"← 200 OK"}
{"type":"log","callId":"call@42","time":246486.205,"message":"  cross-origin-opener-policy: same-origin"}
{"type":"log","callId":"call@42","time":246486.217,"message":"  cross-origin-resource-policy: same-origin"}
{"type":"log","callId":"call@42","time":246486.228,"message":"  origin-agent-cluster: ?1"}
{"type":"log","callId":"call@42","time":246486.236,"message":"  referrer-policy: no-referrer"}
{"type":"log","callId":"call@42","time":246486.246,"message":"  strict-transport-security: max-age=31536000; includeSubDomains"}
{"type":"log","callId":"call@42","time":246486.254,"message":"  x-content-type-options: nosniff"}
{"type":"log","callId":"call@42","time":246486.261,"message":"  x-dns-prefetch-control: off"}
{"type":"log","callId":"call@42","time":246486.27,"message":"  x-download-options: noopen"}
{"type":"log","callId":"call@42","time":246486.286,"message":"  x-frame-options: SAMEORIGIN"}
{"type":"log","callId":"call@42","time":246486.381,"message":"  x-permitted-cross-domain-policies: none"}
{"type":"log","callId":"call@42","time":246486.392,"message":"  x-xss-protection: 0"}
{"type":"log","callId":"call@42","time":246486.436,"message":"  vary: Origin"}
{"type":"log","callId":"call@42","time":246486.446,"message":"  access-control-allow-credentials: true"}
{"type":"log","callId":"call@42","time":246486.456,"message":"  cache-control: private, no-store"}
{"type":"log","callId":"call@42","time":246486.464,"message":"  content-type: application/json; charset=utf-8"}
{"type":"log","callId":"call@42","time":246486.474,"message":"  content-length: 1053"}
{"type":"log","callId":"call@42","time":246486.481,"message":"  date: Fri, 09 Oct 2026 03:55:00 GMT"}
{"type":"log","callId":"call@42","time":246486.491,"message":"  connection: keep-alive"}
{"type":"log","callId":"call@42","time":246486.499,"message":"  keep-alive: timeout=72"}
{"type":"after","callId":"call@42","endTime":246487.01,"result":{"response":{"url":"http://127.0.0.1:41041/v1/guided-learning/attempts/ed794df1-2867-4523-8df3-695ea14c8405","status":200,"statusText":"OK","headers":[{"name":"Cross-Origin-Opener-Policy","value":"same-origin"},{"name":"Cross-Origin-Resource-Policy","value":"same-origin"},{"name":"Origin-Agent-Cluster","value":"?1"},{"name":"Referrer-Policy","value":"no-referrer"},{"name":"Strict-Transport-Security","value":"max-age=31536000; includeSubDomains"},{"name":"X-Content-Type-Options","value":"nosniff"},{"name":"X-DNS-Prefetch-Control","value":"off"},{"name":"X-Download-Options","value":"noopen"},{"name":"X-Frame-Options","value":"SAMEORIGIN"},{"name":"X-Permitted-Cross-Domain-Policies","value":"none"},{"name":"X-XSS-Protection","value":"0"},{"name":"vary","value":"Origin"},{"name":"access-control-allow-credentials","value":"true"},{"name":"cache-control","value":"private, no-store"},{"name":"content-type","value":"application/json; charset=utf-8"},{"name":"content-length","value":"1053"},{"name":"Date","value":"Fri, 09 Oct 2026 03:55:00 GMT"},{"name":"Connection","value":"keep-alive"},{"name":"Keep-Alive","value":"timeout=72"}],"serverAddr":{"ipAddress":"127.0.0.1","port":41041},"timing":{"startTime":1791518100844,"domainLookupStart":-1,"domainLookupEnd":-1,"connectStart":0,"secureConnectionStart":-1,"connectEnd":10.14999999999418,"requestStart":10.14999999999418,"responseStart":125.27900000000955},"responseEndTiming":127.34399999998277,"fetchUid":"74ab6710148fd7d70c168686e58a0f90"}}}
