{"version":9,"type":"context-options","origin":"library","browserName":"","playwrightVersion":"1.63.0","options":{},"platform":"win32","wallTime":1791173109827,"monotonicTime":558350.108,"sdkLanguage":"javascript","title":"guided-v2-accessibility.spec.ts:195 › T037 V02/V05 keyboard, touch, letterbox, zoom and accessible alternative"}
{"type":"before","callId":"call@15","startTime":558515.041,"class":"APIRequestContext","method":"fetch","params":{"url":"http://127.0.0.1:41035/__test/ready","method":"GET","timeout":60000},"stepId":"pw:api@35"}
{"type":"log","callId":"call@15","time":558526.49,"message":"→ GET http://127.0.0.1:41035/__test/ready"}
{"type":"log","callId":"call@15","time":558526.561,"message":"  user-agent: Mozilla/5.0 (iPhone; CPU iPhone OS 15_0 like Mac OS X) AppleWebKit/605.1.15 (KHTML, like Gecko) Version/26.6 Mobile/15E148 Safari/604.1"}
{"type":"log","callId":"call@15","time":558526.586,"message":"  accept: */*"}
{"type":"log","callId":"call@15","time":558526.6,"message":"  accept-encoding: gzip,deflate,br"}
{"type":"log","callId":"call@15","time":558526.612,"message":"  cookie: t035=editor"}
{"type":"log","callId":"call@15","time":558534.858,"message":"← 200 OK"}
{"type":"log","callId":"call@15","time":558534.901,"message":"  cross-origin-opener-policy: same-origin"}
{"type":"log","callId":"call@15","time":558534.912,"message":"  cross-origin-resource-policy: same-origin"}
{"type":"log","callId":"call@15","time":558534.919,"message":"  origin-agent-cluster: ?1"}
{"type":"log","callId":"call@15","time":558534.946,"message":"  referrer-policy: no-referrer"}
{"type":"log","callId":"call@15","time":558534.958,"message":"  strict-transport-security: max-age=31536000; includeSubDomains"}
{"type":"log","callId":"call@15","time":558534.963,"message":"  x-content-type-options: nosniff"}
{"type":"log","callId":"call@15","time":558534.969,"message":"  x-dns-prefetch-control: off"}
{"type":"log","callId":"call@15","time":558534.973,"message":"  x-download-options: noopen"}
{"type":"log","callId":"call@15","time":558534.977,"message":"  x-frame-options: SAMEORIGIN"}
{"type":"log","callId":"call@15","time":558534.981,"message":"  x-permitted-cross-domain-policies: none"}
{"type":"log","callId":"call@15","time":558534.985,"message":"  x-xss-protection: 0"}
{"type":"log","callId":"call@15","time":558534.99,"message":"  vary: Origin"}
{"type":"log","callId":"call@15","time":558534.995,"message":"  access-control-allow-credentials: true"}
{"type":"log","callId":"call@15","time":558535,"message":"  content-type: application/json; charset=utf-8"}
{"type":"log","callId":"call@15","time":558535.092,"message":"  content-length: 885"}
{"type":"log","callId":"call@15","time":558535.1,"message":"  date: Mon, 05 Oct 2026 04:05:10 GMT"}
{"type":"log","callId":"call@15","time":558535.106,"message":"  connection: keep-alive"}
{"type":"log","callId":"call@15","time":558535.111,"message":"  keep-alive: timeout=72"}
{"type":"after","callId":"call@15","endTime":558535.592,"result":{"response":{"url":"http://127.0.0.1:41035/__test/ready","status":200,"statusText":"OK","headers":[{"name":"Cross-Origin-Opener-Policy","value":"same-origin"},{"name":"Cross-Origin-Resource-Policy","value":"same-origin"},{"name":"Origin-Agent-Cluster","value":"?1"},{"name":"Referrer-Policy","value":"no-referrer"},{"name":"Strict-Transport-Security","value":"max-age=31536000; includeSubDomains"},{"name":"X-Content-Type-Options","value":"nosniff"},{"name":"X-DNS-Prefetch-Control","value":"off"},{"name":"X-Download-Options","value":"noopen"},{"name":"X-Frame-Options","value":"SAMEORIGIN"},{"name":"X-Permitted-Cross-Domain-Policies","value":"none"},{"name":"X-XSS-Protection","value":"0"},{"name":"vary","value":"Origin"},{"name":"access-control-allow-credentials","value":"true"},{"name":"content-type","value":"application/json; charset=utf-8"},{"name":"content-length","value":"885"},{"name":"Date","value":"Mon, 05 Oct 2026 04:05:10 GMT"},{"name":"Connection","value":"keep-alive"},{"name":"Keep-Alive","value":"timeout=72"}],"serverAddr":{"ipAddress":"127.0.0.1","port":41035},"timing":{"startTime":1791173109998,"domainLookupStart":-1,"domainLookupEnd":-1,"connectStart":0,"secureConnectionStart":-1,"connectEnd":7.797000000020489,"requestStart":7.797000000020489,"responseStart":9.660999999963678},"responseEndTiming":11.00399999995716,"fetchUid":"a42df73644ef3fc5cb8fecda0909539a"}}}
